
> code-oss-dev@1.106.0 compile
> node ./node_modules/gulp/bin/gulp.js compile

[09:02:23] Using gulpfile ~/Documents/DevWork/ren/renide/gulpfile.js
[09:02:23] Starting 'compile'...
[09:02:23] Starting [36mclean-out[39m ...
[09:02:23] Starting [36mclean-extension-configuration-editing[39m ...
[09:02:23] Starting [36mclean-extension-css-language-features-client[39m ...
[09:02:23] Starting [36mclean-extension-css-language-features-server[39m ...
[09:02:23] Starting [36mclean-extension-debug-auto-launch[39m ...
[09:02:23] Starting [36mclean-extension-debug-server-ready[39m ...
[09:02:23] Starting [36mclean-extension-emmet[39m ...
[09:02:23] Starting [36mclean-extension-extension-editing[39m ...
[09:02:23] Starting [36mclean-extension-git[39m ...
[09:02:23] Starting [36mclean-extension-git-base[39m ...
[09:02:23] Starting [36mclean-extension-html-language-features-client[39m ...
[09:02:23] Starting [36mclean-extension-html-language-features-server[39m ...
[09:02:23] Starting [36mclean-extension-json-language-features-client[39m ...
[09:02:23] Starting [36mclean-extension-json-language-features-server[39m ...
[09:02:23] Starting [36mclean-extension-markdown-language-features[39m ...
[09:02:23] Starting [36mclean-extension-merge-conflict[39m ...
[09:02:23] Starting [36mclean-extension-microsoft-authentication[39m ...
[09:02:23] Starting [36mclean-extension-simple-browser[39m ...
[09:02:23] Starting [36mclean-extension-typescript-language-features[39m ...
[09:02:23] Starting [36mclean-extension-vscode-api-tests[39m ...
[09:02:23] Starting [36mclean-extension-vscode-colorize-tests[39m ...
[09:02:23] Starting [36mclean-extension-vscode-test-resolver[39m ...
[09:02:23] Finished [36mclean-extension-debug-auto-launch[39m after [35m36 ms[39m
[09:02:23] Starting [36mcompile-extension:debug-auto-launch[39m ...
[09:02:23] Starting [32mcompilation[39m[34m extensions[39m...
[09:02:23] Finished [36mclean-extension-extension-editing[39m after [35m63 ms[39m
[09:02:23] Starting [36mcompile-extension:extension-editing[39m ...
[09:02:23] Finished [36mclean-extension-debug-server-ready[39m after [35m77 ms[39m
[09:02:23] Starting [36mcompile-extension:debug-server-ready[39m ...
[09:02:23] Finished [36mclean-extension-simple-browser[39m after [35m87 ms[39m
[09:02:23] Starting [36mcompile-extension:simple-browser[39m ...
[09:02:23] Finished [36mclean-extension-vscode-colorize-tests[39m after [35m97 ms[39m
[09:02:23] Starting [36mcompile-extension:vscode-colorize-tests[39m ...
[09:02:23] Finished [36mclean-extension-merge-conflict[39m after [35m104 ms[39m
[09:02:23] Starting [36mcompile-extension:merge-conflict[39m ...
[09:02:24] Finished [36mclean-extension-configuration-editing[39m after [35m160 ms[39m
[09:02:24] Starting [36mcompile-extension:configuration-editing[39m ...
[09:02:24] Finished [36mclean-extension-css-language-features-client[39m after [35m170 ms[39m
[09:02:24] Starting [36mcompile-extension:css-language-features-client[39m ...
[09:02:24] Finished [36mclean-extension-emmet[39m after [35m179 ms[39m
[09:02:24] Starting [36mcompile-extension:emmet[39m ...
[09:02:24] Finished [36mclean-extension-css-language-features-server[39m after [35m209 ms[39m
[09:02:24] Starting [36mcompile-extension:css-language-features-server[39m ...
[09:02:24] Finished [36mclean-extension-html-language-features-client[39m after [35m216 ms[39m
[09:02:24] Starting [36mcompile-extension:html-language-features-client[39m ...
[09:02:24] Finished [36mclean-extension-git-base[39m after [35m223 ms[39m
[09:02:24] Starting [36mcompile-extension:git-base[39m ...
[09:02:24] Finished [36mclean-extension-json-language-features-client[39m after [35m231 ms[39m
[09:02:24] Starting [36mcompile-extension:json-language-features-client[39m ...
[09:02:24] Finished [36mclean-extension-json-language-features-server[39m after [35m240 ms[39m
[09:02:24] Starting [36mcompile-extension:json-language-features-server[39m ...
[09:02:24] Finished [36mclean-extension-vscode-api-tests[39m after [35m252 ms[39m
[09:02:24] Starting [36mcompile-extension:vscode-api-tests[39m ...
[09:02:24] Finished [36mclean-extension-git[39m after [35m287 ms[39m
[09:02:24] Starting [36mcompile-extension:git[39m ...
[09:02:24] Finished [36mclean-extension-vscode-test-resolver[39m after [35m317 ms[39m
[09:02:24] Starting [36mcompile-extension:vscode-test-resolver[39m ...
(node:24994) [DEP0180] DeprecationWarning: fs.Stats constructor is deprecated.
(Use `node --trace-deprecation ...` to show where the warning was created)
[09:02:25] Finished [36mclean-extension-microsoft-authentication[39m after [35m1299 ms[39m
[09:02:25] Starting [36mcompile-extension:microsoft-authentication[39m ...
[09:02:25] Finished [36mclean-extension-markdown-language-features[39m after [35m1313 ms[39m
[09:02:25] Starting [36mcompile-extension:markdown-language-features[39m ...
[09:02:25] Finished [36mclean-extension-typescript-language-features[39m after [35m1355 ms[39m
[09:02:25] Starting [36mcompile-extension:typescript-language-features[39m ...
[09:02:25] Finished [36mclean-extension-html-language-features-server[39m after [35m2087 ms[39m
[09:02:25] Starting [36mcompile-extension:html-language-features-server[39m ...
[09:02:26] Finished [36mcompile-extension:debug-server-ready[39m after [35m2392 ms[39m
[09:02:26] Finished [36mcompile-extension:debug-auto-launch[39m after [35m2435 ms[39m
[09:02:28] Finished [36mclean-out[39m after [35m4276 ms[39m
[09:02:28] Starting [36mcompile-api-proposal-names[39m ...
[09:02:28] Starting [32mcompilation[39m[34m api-proposal-names[39m...
[09:02:28] Finished [36mcompile-extension:vscode-colorize-tests[39m after [35m4711 ms[39m
[09:02:29] Finished [36mcompile-extension:simple-browser[39m after [35m5980 ms[39m
[09:02:29] Finished [36mcompile-extension:vscode-test-resolver[39m after [35m5755 ms[39m
[09:02:30] Finished [36mcompile-extension:extension-editing[39m after [35m6398 ms[39m
[09:02:30] Finished [36mcompile-extension:json-language-features-client[39m after [35m6233 ms[39m
[09:02:30] Finished [36mcompile-extension:html-language-features-client[39m after [35m6252 ms[39m
[09:02:30] Finished [36mcompile-extension:configuration-editing[39m after [35m6310 ms[39m
[09:02:30] Finished [36mcompile-extension:css-language-features-client[39m after [35m6300 ms[39m
[09:02:30] Finished [36mcompile-extension:json-language-features-server[39m after [35m6230 ms[39m
[09:02:30] Finished [36mcompile-extension:git-base[39m after [35m6250 ms[39m
[09:02:30] Finished [36mcompile-extension:merge-conflict[39m after [35m6369 ms[39m
[09:02:32] Finished [36mcompile-extension:css-language-features-server[39m after [35m8645 ms[39m
[09:02:35] Finished [36mcompile-extension:microsoft-authentication[39m after [35m10388 ms[39m
[09:02:35] Finished [36mcompile-extension:vscode-api-tests[39m after [35m11438 ms[39m
[09:02:35] Finished [36mcompile-extension:emmet[39m after [35m11517 ms[39m
[09:02:35] Finished [36mcompile-extension:html-language-features-server[39m after [35m9609 ms[39m
[09:02:35] Finished [36mcompile-extension:git[39m after [35m11416 ms[39m
[09:02:36] Finished [32mcompilation[39m[34m api-proposal-names[39m with 0 errors after [35m8653 ms[39m
[09:02:36] Finished [36mcompile-api-proposal-names[39m after [35m8654 ms[39m
[09:02:36] Starting [36mcompile-src[39m ...
[09:02:41] Starting [32mcompilation[39m...
[09:02:41] Finished [36mcompile-extension:markdown-language-features[39m after [35m16273 ms[39m
[09:02:41] Finished [32mcompilation[39m[34m extensions[39m with 0 errors after [35m17584 ms[39m
[09:02:41] Finished [36mcompile-extension:typescript-language-features[39m after [35m16318 ms[39m
[09:02:41] Starting [36mcompile-extensions[39m ...
[09:02:41] Finished [36mcompile-extensions[39m after [35m0 ms[39m
[09:04:18] [31mError[39m: /Users/ishaankundesu/Documents/DevWork/ren/renide/src/vs/workbench/contrib/chat/common/tools/switchViewTool.ts(95,10): 'wasAlready' is declared but its value is never read.
[09:04:18] Finished [32mcompilation[39m with 1 errors after [35m97144 ms[39m
[09:04:18] [31mError[39m: /Users/ishaankundesu/Documents/DevWork/ren/renide/src/vs/workbench/contrib/chat/common/tools/switchViewTool.ts(95,10): 'wasAlready' is declared but its value is never read.
[09:04:18] Finished [32mcompilation[39m with 1 errors after [35m97145 ms[39m
[09:04:18] 'compile' errored after 1.9 min
[09:04:18] Error: Found 1 errors
    at Stream.<anonymous> (/Users/ishaankundesu/Documents/DevWork/ren/renide/build/lib/reporter.js:97:29)
    at _end (/Users/ishaankundesu/Documents/DevWork/ren/renide/node_modules/through/index.js:65:9)
    at stream.end (/Users/ishaankundesu/Documents/DevWork/ren/renide/node_modules/through/index.js:74:5)
    at Stream.onend (node:internal/streams/legacy:48:10)
    at Stream.emit (node:events:531:35)
    at Stream.emit (node:domain:552:15)
    at drain (/Users/ishaankundesu/Documents/DevWork/ren/renide/node_modules/through/index.js:34:23)
    at stream.queue.stream.push (/Users/ishaankundesu/Documents/DevWork/ren/renide/node_modules/through/index.js:45:5)
    at Stream.end (/Users/ishaankundesu/Documents/DevWork/ren/renide/node_modules/through/index.js:15:35)
    at _end (/Users/ishaankundesu/Documents/DevWork/ren/renide/node_modules/through/index.js:65:9)
